\BOOKMARK [0][-]{chapter.1}{\376\377\0001\000\040\000I\000n\000t\000r\000o\000d\000u\000c\000t\000i\000o\000n}{}% 1
\BOOKMARK [1][-]{section.1.1}{\376\377\0001\000.\0001\000\040\000P\000u\000r\000p\000o\000s\000e}{chapter.1}% 2
\BOOKMARK [0][-]{chapter.2}{\376\377\0002\000\040\000O\000p\000e\000r\000a\000t\000i\000o\000n\000a\000l\000\040\000M\000o\000d\000e\000s}{}% 3
\BOOKMARK [0][-]{chapter.3}{\376\377\0003\000\040\000U\000s\000e\000r\000\040\000I\000n\000t\000e\000r\000f\000a\000c\000e}{}% 4
\BOOKMARK [1][-]{section.3.1}{\376\377\0003\000.\0001\000\040\000M\000a\000i\000n\000\040\000I\000n\000t\000e\000r\000f\000a\000c\000e}{chapter.3}% 5
\BOOKMARK [2][-]{subsection.3.1.1}{\376\377\0003\000.\0001\000.\0001\000\040\0001\000.\000\040\000N\000a\000v\000i\000g\000a\000t\000i\000o\000n\000\040\000B\000u\000t\000t\000o\000n\000s}{section.3.1}% 6
\BOOKMARK [2][-]{subsection.3.1.2}{\376\377\0003\000.\0001\000.\0002\000\040\0002\000.\000\040\000S\000t\000a\000t\000i\000o\000n\000\040\000H\000o\000m\000i\000n\000g}{section.3.1}% 7
\BOOKMARK [2][-]{subsection.3.1.3}{\376\377\0003\000.\0001\000.\0003\000\040\0003\000.\000\040\000M\000o\000d\000e\000\040\000a\000n\000d\000\040\000C\000y\000c\000l\000e\000\040\000C\000o\000n\000t\000r\000o\000l\000s}{section.3.1}% 8
\BOOKMARK [2][-]{subsection.3.1.4}{\376\377\0003\000.\0001\000.\0004\000\040\0004\000.\000\040\000T\000e\000s\000t\000\040\000R\000e\000s\000u\000l\000t\000s}{section.3.1}% 9
\BOOKMARK [2][-]{subsection.3.1.5}{\376\377\0003\000.\0001\000.\0005\000\040\0005\000.\000\040\000M\000o\000d\000e\000s\000\040\000a\000n\000d\000\040\000B\000y\000p\000a\000s\000s\000e\000s}{section.3.1}% 10
\BOOKMARK [2][-]{subsection.3.1.6}{\376\377\0003\000.\0001\000.\0006\000\040\0006\000.\000\040\000I\000n\000d\000e\000x\000\040\000C\000o\000n\000v\000e\000y\000o\000r\000\040\000a\000n\000d\000\040\000R\000o\000b\000o\000t\000\040\000I\000n\000t\000e\000r\000l\000o\000c\000k}{section.3.1}% 11
\BOOKMARK [1][-]{section.3.2}{\376\377\0003\000.\0002\000\040\000M\000a\000i\000n\000\040\000I\000n\000t\000e\000r\000f\000a\000c\000e\000\040\000\050\000A\000u\000t\000o\000\040\000M\000o\000d\000e\000\051}{chapter.3}% 12
\BOOKMARK [2][-]{subsection.3.2.1}{\376\377\0003\000.\0002\000.\0001\000\040\0001\000.\000\040\000I\000n\000d\000e\000x\000\040\000C\000o\000n\000v\000e\000y\000o\000r\000\040\000\050\000A\000u\000t\000o\000\051}{section.3.2}% 13
\BOOKMARK [1][-]{section.3.3}{\376\377\0003\000.\0003\000\040\000I\000O\000\040\000P\000a\000g\000e\000s}{chapter.3}% 14
\BOOKMARK [2][-]{subsection.3.3.1}{\376\377\0003\000.\0003\000.\0001\000\040\000S\000a\000f\000e\000t\000y\000\040\000I\000O}{section.3.3}% 15
\BOOKMARK [2][-]{subsection.3.3.2}{\376\377\0003\000.\0003\000.\0002\000\040\000R\000e\000g\000u\000l\000a\000r\000\040\000I\000n\000p\000u\000t\000s}{section.3.3}% 16
\BOOKMARK [2][-]{subsection.3.3.3}{\376\377\0003\000.\0003\000.\0003\000\040\000R\000e\000g\000u\000l\000a\000r\000\040\000O\000u\000t\000p\000u\000t\000s}{section.3.3}% 17
\BOOKMARK [1][-]{section.3.4}{\376\377\0003\000.\0004\000\040\000S\000e\000q\000u\000e\000n\000c\000e\000\040\000I\000n\000f\000o}{chapter.3}% 18
\BOOKMARK [2][-]{subsection.3.4.1}{\376\377\0003\000.\0004\000.\0001\000\040\0001\000.\000\040\000C\000o\000u\000n\000t\000e\000r\000s}{section.3.4}% 19
\BOOKMARK [2][-]{subsection.3.4.2}{\376\377\0003\000.\0004\000.\0002\000\040\0002\000.\000\040\000H\000i\000s\000t\000o\000r\000y}{section.3.4}% 20
\BOOKMARK [2][-]{subsection.3.4.3}{\376\377\0003\000.\0004\000.\0003\000\040\0003\000.\000\040\000H\000i\000s\000t\000o\000r\000y\000\040\000R\000e\000s\000e\000t}{section.3.4}% 21
\BOOKMARK [1][-]{section.3.5}{\376\377\0003\000.\0005\000\040\000A\000l\000a\000r\000m\000s}{chapter.3}% 22
\BOOKMARK [1][-]{section.3.6}{\376\377\0003\000.\0006\000\040\000M\000a\000n\000u\000a\000l\000\040\000O\000p\000e\000r\000a\000t\000i\000o\000n}{chapter.3}% 23
\BOOKMARK [2][-]{subsection.3.6.1}{\376\377\0003\000.\0006\000.\0001\000\040\0001\000.\000\040\000N\000e\000s\000t\000\040\000C\000y\000l\000i\000n\000d\000e\000r\000s}{section.3.6}% 24
\BOOKMARK [2][-]{subsection.3.6.2}{\376\377\0003\000.\0006\000.\0002\000\040\0002\000.\000\040\000B\000a\000r\000c\000o\000d\000e\000\040\000S\000c\000a\000n\000n\000e\000r}{section.3.6}% 25
\BOOKMARK [2][-]{subsection.3.6.3}{\376\377\0003\000.\0006\000.\0003\000\040\0003\000.\000\040\000C\000o\000n\000v\000e\000y\000o\000r\000\040\000I\000n\000d\000e\000x\000i\000n\000g}{section.3.6}% 26
\BOOKMARK [2][-]{subsection.3.6.4}{\376\377\0003\000.\0006\000.\0004\000\040\0004\000.\000\040\000R\000o\000b\000o\000t\000\040\000G\000r\000i\000p\000p\000e\000r}{section.3.6}% 27
\BOOKMARK [2][-]{subsection.3.6.5}{\376\377\0003\000.\0006\000.\0005\000\040\0005\000.\000\040\000R\000o\000b\000o\000t\000\040\000O\000v\000e\000r\000r\000i\000d\000e}{section.3.6}% 28
\BOOKMARK [2][-]{subsection.3.6.6}{\376\377\0003\000.\0006\000.\0006\000\040\0006\000.\000\040\000R\000o\000b\000o\000t\000\040\000M\000o\000v\000e\000m\000e\000n\000t}{section.3.6}% 29
\BOOKMARK [2][-]{subsection.3.6.7}{\376\377\0003\000.\0006\000.\0007\000\040\0007\000.\000\040\000R\000o\000b\000o\000t\000\040\000P\000o\000s\000i\000t\000i\000o\000n\000/\000C\000o\000o\000r\000d\000\040\000M\000o\000d\000e}{section.3.6}% 30
\BOOKMARK [2][-]{subsection.3.6.8}{\376\377\0003\000.\0006\000.\0008\000\040\0008\000.\000\040\000L\000e\000a\000k\000\040\000T\000e\000s\000t\000e\000r\000s}{section.3.6}% 31
\BOOKMARK [2][-]{subsection.3.6.9}{\376\377\0003\000.\0006\000.\0009\000\040\0009\000.\000\040\000R\000F\000I\000D\000\040\000S\000c\000a\000n\000n\000e\000r}{section.3.6}% 32
\BOOKMARK [3][-]{subsubsection.3.6.9.1}{\376\377\0003\000.\0006\000.\0009\000.\0001\000\040\0009\000.\0001\000\040\000A\000n\000t\000e\000n\000n\000a\000\040\000S\000e\000l\000e\000c\000t\000i\000o\000n}{subsection.3.6.9}% 33
\BOOKMARK [3][-]{subsubsection.3.6.9.2}{\376\377\0003\000.\0006\000.\0009\000.\0002\000\040\0009\000.\0002\000\040\000R\000e\000a\000d\000\040\000M\000o\000d\000e\000\040\000/\000\040\000W\000r\000i\000t\000e\000\040\000M\000o\000d\000e}{subsection.3.6.9}% 34
\BOOKMARK [3][-]{subsubsection.3.6.9.3}{\376\377\0003\000.\0006\000.\0009\000.\0003\000\040\0009\000.\0003\000\040\000S\000t\000a\000t\000u\000s\000\040\000I\000n\000d\000i\000c\000a\000t\000o\000r\000s}{subsection.3.6.9}% 35
\BOOKMARK [3][-]{subsubsection.3.6.9.4}{\376\377\0003\000.\0006\000.\0009\000.\0004\000\040\0009\000.\0004\000\040\000T\000a\000g\000\040\000D\000a\000t\000a}{subsection.3.6.9}% 36
\BOOKMARK [3][-]{subsubsection.3.6.9.5}{\376\377\0003\000.\0006\000.\0009\000.\0005\000\040\0009\000.\0005\000\040\000E\000x\000e\000c\000u\000t\000e}{subsection.3.6.9}% 37
\BOOKMARK [1][-]{section.3.7}{\376\377\0003\000.\0007\000\040\000S\000t\000a\000t\000i\000o\000n\000\040\000C\000o\000n\000f\000i\000g}{chapter.3}% 38
\BOOKMARK [2][-]{subsection.3.7.1}{\376\377\0003\000.\0007\000.\0001\000\040\0001\000.\000\040\000U\000s\000e\000r\000\040\000A\000u\000t\000h\000e\000n\000t\000i\000c\000a\000t\000i\000o\000n}{section.3.7}% 39
\BOOKMARK [2][-]{subsection.3.7.2}{\376\377\0003\000.\0007\000.\0002\000\040\0002\000.\000\040\000S\000t\000a\000t\000i\000o\000n\000\040\000P\000a\000r\000a\000m\000e\000t\000e\000r\000s}{section.3.7}% 40
\BOOKMARK [2][-]{subsection.3.7.3}{\376\377\0003\000.\0007\000.\0003\000\040\0003\000.\000\040\000A\000u\000t\000o\000\040\000M\000o\000d\000e\000\040\000C\000T\000S\000\040\000T\000e\000s\000t}{section.3.7}% 41
\BOOKMARK [0][-]{chapter.4}{\376\377\0004\000\040\000F\000a\000u\000l\000t\000s\000\040\000a\000n\000d\000\040\000W\000a\000r\000n\000i\000n\000g\000s}{}% 42
\BOOKMARK [0][-]{section*.8}{\376\377\000I\000n\000d\000e\000x}{}% 43
